2025-10-26 10:45:49,516 - ERROR - Error loading models: 239
2025-10-26 10:47:02,459 - ERROR - Error loading models: 239
2025-10-26 10:48:36,894 - ERROR - Error loading models: 239
2025-10-26 10:55:42,751 - ERROR - Error loading models: 239
2025-10-26 10:59:43,889 - ERROR - Error loading models: [Errno 2] No such file or directory: 'churnaizer_model.pkl'
2025-10-26 11:00:32,231 - INFO - Models loaded successfully.
2025-10-26 11:00:44,655 - INFO - CSV file uploaded.
2025-10-26 11:02:15,138 - INFO - Models loaded successfully.
2025-10-26 11:02:36,050 - INFO - CSV file uploaded.
2025-10-26 11:02:36,057 - ERROR - Missing categorical features: plan_type, payment_status
2025-10-26 11:02:59,129 - INFO - CSV file uploaded.
2025-10-26 11:02:59,133 - ERROR - Missing categorical features: payment_status
2025-10-26 11:03:08,567 - INFO - CSV file uploaded.
2025-10-26 11:03:08,571 - ERROR - Missing categorical features: plan_type, payment_status
2025-10-26 11:04:23,700 - INFO - CSV file uploaded.
2025-10-26 11:05:36,442 - INFO - Models loaded successfully.
2025-10-26 11:05:42,069 - INFO - CSV file uploaded.
2025-10-26 11:08:33,707 - INFO - Models loaded successfully.
2025-10-26 11:08:42,963 - INFO - CSV file uploaded.
2025-10-26 11:08:42,998 - INFO - Predictions made and displayed.
2025-10-26 11:12:16,480 - INFO - Models loaded successfully.
2025-10-26 11:12:52,559 - INFO - Models loaded successfully.
2025-10-26 11:13:08,218 - INFO - CSV file uploaded.
2025-10-26 11:13:13,060 - INFO - CSV file uploaded.
2025-10-26 11:13:13,088 - INFO - Predictions made and displayed.
2025-10-26 11:27:52,265 - INFO - Models loaded successfully.
2025-10-26 11:28:10,794 - INFO - CSV file uploaded.
2025-10-26 11:28:14,647 - INFO - CSV file uploaded.
2025-10-26 11:28:14,678 - INFO - Predictions made and displayed.
2025-10-26 11:28:14,891 - INFO - Feature importances displayed.
2025-10-26 11:31:38,121 - INFO - Models loaded successfully.
2025-10-26 11:31:45,513 - INFO - CSV file uploaded.
2025-10-26 11:31:47,372 - INFO - CSV file uploaded.
2025-10-26 11:31:47,401 - INFO - Predictions made and displayed.
2025-10-26 11:31:47,586 - INFO - Feature importances displayed.
2025-10-26 11:33:32,942 - INFO - Models loaded successfully.
2025-10-26 11:33:38,999 - INFO - CSV file uploaded.
2025-10-26 11:33:40,940 - INFO - CSV file uploaded.
2025-10-26 11:33:40,969 - INFO - Predictions made and displayed.
2025-10-26 11:33:41,155 - INFO - Feature importances displayed.
2025-10-26 11:34:49,195 - INFO - Models loaded successfully.
2025-10-26 11:35:16,059 - INFO - Models loaded successfully.
2025-10-26 11:35:22,285 - INFO - CSV file uploaded.
2025-10-26 11:35:26,697 - INFO - CSV file uploaded.
2025-10-26 11:35:26,729 - INFO - Predictions made and displayed.
2025-10-26 11:35:26,926 - INFO - Feature importances displayed.
2025-10-26 11:38:18,780 - INFO - Models loaded successfully.
2025-10-26 11:38:24,029 - INFO - CSV file uploaded.
2025-10-26 11:38:25,931 - INFO - CSV file uploaded.
2025-10-26 11:38:25,961 - INFO - Predictions made and displayed.
2025-10-26 11:38:26,160 - INFO - Feature importances displayed.
2025-10-26 11:39:53,583 - INFO - CSV file uploaded.
2025-10-26 11:39:54,991 - INFO - CSV file uploaded.
2025-10-26 11:39:55,020 - INFO - Predictions made and displayed.
2025-10-26 11:39:55,039 - INFO - Feature importances displayed.
2025-10-26 11:40:00,805 - INFO - CSV file uploaded.
2025-10-26 11:40:45,886 - INFO - CSV file uploaded.
2025-10-26 11:40:48,010 - INFO - CSV file uploaded.
2025-10-26 11:40:48,042 - INFO - Predictions made and displayed.
2025-10-26 11:40:48,056 - INFO - Feature importances displayed.
2025-10-26 11:41:59,931 - INFO - CSV file uploaded.
2025-10-26 11:42:04,216 - INFO - CSV file uploaded.
2025-10-26 11:42:04,244 - INFO - Predictions made and displayed.
2025-10-26 11:42:04,258 - INFO - Feature importances displayed.
2025-10-26 11:43:07,944 - INFO - CSV file uploaded.
2025-10-26 11:43:09,264 - INFO - CSV file uploaded.
2025-10-26 11:43:09,291 - INFO - Predictions made and displayed.
2025-10-26 11:43:09,304 - INFO - Feature importances displayed.
2025-10-26 11:44:34,484 - INFO - CSV file uploaded.
2025-10-26 11:44:35,916 - INFO - CSV file uploaded.
2025-10-26 11:44:35,943 - INFO - Predictions made and displayed.
2025-10-26 11:44:35,957 - INFO - Feature importances displayed.
2025-10-26 12:10:16,024 - INFO - Predictions made and displayed.
2025-10-26 12:10:16,051 - INFO - Feature importances displayed.
2025-10-26 12:11:25,787 - INFO - Predictions made and displayed.
2025-10-26 12:11:25,823 - INFO - Feature importances displayed.
2025-10-26 12:12:26,650 - INFO - Predictions made and displayed.
2025-10-26 12:12:26,677 - INFO - Feature importances displayed.
2025-10-26 12:14:14,334 - INFO - Predictions made and displayed.
2025-10-26 12:14:14,360 - INFO - Feature importances displayed.
2025-10-26 12:14:30,180 - INFO - Predictions made and displayed.
2025-10-26 12:14:30,207 - INFO - Feature importances displayed.
2025-10-26 12:16:01,672 - INFO - Models loaded successfully.
2025-10-26 12:16:29,106 - INFO - Predictions made and displayed.
2025-10-26 12:16:29,300 - INFO - Feature importances displayed.
2025-10-26 12:16:37,138 - WARNING - SHAP Additivity Check Failed: Additivity check failed in TreeExplainer! Please ensure the data matrix you passed to the explainer is the same shape that the model was trained on. If your data shape is correct then please report this on GitHub. This check failed because for one of the samples the sum of the SHAP values was 4.038456, while the model output was 8.671751. If this difference is acceptable you can set check_additivity=False to disable this check.. Proceeding with SHAP values, but results might be less accurate.
2025-10-26 12:17:23,392 - WARNING - SHAP Additivity Check Failed: Additivity check failed in TreeExplainer! Please ensure the data matrix you passed to the explainer is the same shape that the model was trained on. If your data shape is correct then please report this on GitHub. This check failed because for one of the samples the sum of the SHAP values was 4.038456, while the model output was 8.671751. If this difference is acceptable you can set check_additivity=False to disable this check.. Proceeding with SHAP values, but results might be less accurate.
2025-10-26 12:18:06,902 - INFO - Predictions made and displayed.
2025-10-26 12:18:06,929 - INFO - Feature importances displayed.
2025-10-26 12:18:12,115 - WARNING - SHAP Additivity Check Failed: Additivity check failed in TreeExplainer! Please ensure the data matrix you passed to the explainer is the same shape that the model was trained on. If your data shape is correct then please report this on GitHub. This check failed because for one of the samples the sum of the SHAP values was 0.486547, while the model output was 9.164942. If this difference is acceptable you can set check_additivity=False to disable this check.. Proceeding with SHAP values, but results might be less accurate.
2025-10-26 12:20:34,302 - INFO - Predictions made and displayed.
2025-10-26 12:20:34,331 - INFO - Feature importances displayed.
2025-10-26 12:22:17,742 - INFO - Predictions made and displayed.
2025-10-26 12:22:17,769 - INFO - Feature importances displayed.
2025-10-26 12:22:23,096 - INFO - Data types of X before SHAP: monthly_revenue           int64
days_since_signup         int64
last_login_days_ago       int64
logins_last30days         int64
active_features_used      int64
tickets_opened            int64
NPS_score                 int64
plan_type_Enterprise      int64
plan_type_Pro             int64
payment_status_On-time     bool
dtype: object
2025-10-26 12:24:53,910 - INFO - Predictions made and displayed.
2025-10-26 12:24:53,939 - INFO - Feature importances displayed.
2025-10-26 12:25:03,365 - INFO - Data types of X before SHAP: monthly_revenue           int64
days_since_signup         int64
last_login_days_ago       int64
logins_last30days         int64
active_features_used      int64
tickets_opened            int64
NPS_score                 int64
plan_type_Enterprise      int64
plan_type_Pro             int64
payment_status_On-time    int64
dtype: object
2025-10-26 12:25:05,862 - WARNING - SHAP Additivity Check Failed: Additivity check failed in TreeExplainer! Please ensure the data matrix you passed to the explainer is the same shape that the model was trained on. If your data shape is correct then please report this on GitHub. This check failed because for one of the samples the sum of the SHAP values was 5.533976, while the model output was 8.416952. If this difference is acceptable you can set check_additivity=False to disable this check.. Proceeding with SHAP values, but results might be less accurate.
2025-10-26 12:26:47,334 - INFO - Models loaded successfully.
2025-10-26 12:26:51,933 - INFO - Predictions made and displayed.
2025-10-26 12:26:52,129 - INFO - Feature importances displayed.
2025-10-26 12:26:54,466 - INFO - Data types of X before SHAP: monthly_revenue           int64
days_since_signup         int64
last_login_days_ago       int64
logins_last30days         int64
active_features_used      int64
tickets_opened            int64
NPS_score                 int64
plan_type_Enterprise      int64
plan_type_Pro             int64
payment_status_On-time    int64
dtype: object
2025-10-26 12:26:56,970 - WARNING - SHAP Additivity Check Failed: Additivity check failed in TreeExplainer! Please ensure the data matrix you passed to the explainer is the same shape that the model was trained on. If your data shape is correct then please report this on GitHub. This check failed because for one of the samples the sum of the SHAP values was 5.533976, while the model output was 8.416952. If this difference is acceptable you can set check_additivity=False to disable this check.. Proceeding with SHAP values, but results might be less accurate.
2025-10-26 12:28:45,836 - INFO - Models loaded successfully.
2025-10-26 12:28:51,769 - INFO - Predictions made and displayed.
2025-10-26 12:28:51,983 - INFO - Feature importances displayed.
2025-10-26 12:28:55,844 - INFO - Data types of X before SHAP: monthly_revenue           int64
days_since_signup         int64
last_login_days_ago       int64
logins_last30days         int64
active_features_used      int64
tickets_opened            int64
NPS_score                 int64
plan_type_Enterprise      int64
plan_type_Pro             int64
payment_status_On-time    int64
dtype: object
2025-10-26 12:31:01,016 - INFO - Models loaded successfully.
2025-10-26 12:31:12,338 - INFO - Predictions made and displayed.
2025-10-26 12:31:12,542 - INFO - Feature importances displayed.
2025-10-26 12:32:21,423 - INFO - Models loaded successfully.
2025-10-26 12:32:25,835 - INFO - Predictions made and displayed.
2025-10-26 12:32:26,031 - INFO - Feature importances displayed.
2025-10-26 12:32:39,896 - INFO - Data types of X before SHAP: monthly_revenue           int64
days_since_signup         int64
last_login_days_ago       int64
logins_last30days         int64
active_features_used      int64
tickets_opened            int64
NPS_score                 int64
plan_type_Enterprise      int64
plan_type_Free             bool
plan_type_Pro             int64
payment_status_Late       int64
payment_status_On-time     bool
dtype: object
2025-10-26 12:36:11,273 - INFO - Models loaded successfully.
2025-10-26 14:22:47,401 - INFO - Models loaded successfully.
2025-10-26 14:23:28,573 - INFO - Models loaded successfully.
2025-10-26 14:24:24,734 - INFO - Models loaded successfully.
2025-10-26 14:24:30,161 - INFO - Predictions made and displayed.
2025-10-26 14:24:30,522 - INFO - Feature importances displayed.
2025-10-26 14:24:36,476 - INFO - Data types of X before SHAP: monthly_revenue            int64
days_since_signup          int64
last_login_days_ago        int64
logins_last30days          int64
active_features_used       int64
tickets_opened             int64
NPS_score                  int64
signup_date               object
plan_type_Enterprise       int64
plan_type_Free              bool
plan_type_Pro              int64
payment_status_Late        int64
payment_status_On-time      bool
dtype: object
2025-10-26 14:25:12,162 - INFO - Models loaded successfully.
2025-10-26 14:25:16,145 - INFO - Predictions made and displayed.
2025-10-26 14:25:16,352 - INFO - Feature importances displayed.
2025-10-26 14:25:23,506 - INFO - Data types of X before SHAP: monthly_revenue             int64
days_since_signup           int64
last_login_days_ago         int64
logins_last30days           int64
active_features_used        int64
tickets_opened              int64
NPS_score                   int64
signup_date               float64
plan_type_Enterprise        int64
plan_type_Free               bool
plan_type_Pro               int64
payment_status_Late         int64
payment_status_On-time       bool
dtype: object
2025-10-26 14:44:46,884 - ERROR - Error loading models: 123
2025-10-27 12:24:40,722 - ERROR - Error loading models: pop from empty list
2025-10-27 12:26:55,051 - ERROR - Error loading models: pop from empty list
2025-10-27 12:29:44,086 - INFO - Models loaded successfully.
2025-10-27 12:29:49,314 - INFO - Predictions made and displayed.
2025-10-27 12:29:49,632 - INFO - Feature importances displayed.
2025-10-27 12:30:28,493 - INFO - Models loaded successfully.
2025-10-27 12:30:32,836 - INFO - Predictions made and displayed.
2025-10-27 12:30:33,039 - INFO - Feature importances displayed.
2025-10-27 12:31:26,836 - INFO - Models loaded successfully.
2025-10-27 12:31:31,112 - INFO - Predictions made and displayed.
2025-10-27 12:31:31,303 - INFO - Feature importances displayed.
2025-10-27 12:31:34,381 - INFO - Data types of X before SHAP: monthly_revenue             int64
days_since_signup           int64
last_login_days_ago         int64
logins_last30days           int64
active_features_used        int64
tickets_opened              int64
NPS_score                   int64
signup_date               float64
plan_type_Enterprise        int64
plan_type_Free               bool
plan_type_Pro               int64
payment_status_Late         int64
payment_status_On-time       bool
dtype: object
2025-10-27 13:50:30,826 - INFO - Models loaded successfully.
2025-10-27 13:50:40,463 - INFO - Predictions made and displayed.
2025-10-27 13:50:40,783 - INFO - Feature importances displayed.
2025-10-27 13:50:49,497 - INFO - Data types of X before SHAP: monthly_revenue             int64
days_since_signup           int64
last_login_days_ago         int64
logins_last30days           int64
active_features_used        int64
tickets_opened              int64
NPS_score                   int64
signup_date               float64
plan_type_Enterprise        int64
plan_type_Free               bool
plan_type_Pro               int64
payment_status_Late         int64
payment_status_On-time       bool
dtype: object
2025-11-05 12:53:49,328 - INFO - Models loaded successfully.
2025-11-05 13:05:17,187 - INFO - Models loaded successfully.
